
 RUN  v3.2.4 /projects/annexes/vigilant-codex-k3a.2/vigilant-codex-k3a

 DEPRECATED  'basic' reporter is deprecated and will be removed in Vitest v3.
Remove 'basic' from 'reporters' option. To match 'basic' reporter 100%, use configuration:
{
  "test": {
    "reporters": [
      [
        "default",
        {
          "summary": false
        }
      ]
    ]
  }
}
 ✓ src/tests/authManager.test.ts (1 test) 2ms
 ✓ src/tests/auth/storage.test.ts (14 tests) 9ms
 ✓ src/tests/storage.test.ts (2 tests) 6ms
 ✓ src/tests/rules.test.ts (2 tests) 3ms
 ✓ src/tests/scheduler.test.ts (1 test) 5ms
 ✓ src/tests/auth/manager.test.ts (16 tests) 20ms
 ✓ src/tests/tokenBucket.test.ts (3 tests) 7ms
 ✓ src/tests/auth/manual.test.ts (7 tests) 13ms
 ✓ src/tests/manual.test.ts (1 test) 6ms
 ✓ src/tests/auth/scheduler.test.ts (9 tests) 14ms
 ✓ src/tests/error.test.ts (1 test) 5ms
 ✓ src/tests/restClient.test.ts (1 test) 7ms
 ✓ src/tests/positionSchema.test.ts (2 tests) 5ms
 ✓ src/tests/accountActivitySchema.test.ts (2 tests) 8ms
 ✓ src/tests/balanceSchema.test.ts (2 tests) 5ms
 ✓ src/tests/toError.test.ts (2 tests) 10ms
 ✓ src/tests/executionSchema.test.ts (2 tests) 5ms
 ✓ src/tests/accountSchema.test.ts (2 tests) 8ms
 ✓ src/tests/smartFetch.test.ts (4 tests) 76ms


 Test Files  19 passed (19)
      Tests  74 passed (74)
   Start at  18:05:38
   Duration  566ms (transform 978ms, setup 0ms, collect 2.33s, tests 213ms, environment 8ms, prepare 2.45s)

